// Jest Snapshot v1, https://goo.gl/fbAQLP

exports[`Background bg_img 1`] = `
.c0 {
  background-color: red;
}

.c0:after {
  background-color: red;
  color: red;
}

.c0:before {
  background-color: red;
}

.c0:hover {
  color: red;
}

@media and screen (min-width:1024px) {
  .c0 {
    background-color: red;
  }
}

<div
  className="c0"
/>
`;
